[thewhisperer.io/index.html]
[thewhisperer.io/_next/static/media/a34f9d1faa5f3315-s.p.woff2]
[thewhisperer.io/_next/static/css/25528bc0a25175a9.css]
[thewhisperer.io/_next/static/chunks/webpack-005f00e4b1922939.js]
[thewhisperer.io/_next/static/chunks/65d48fa5-90d452fe2d01acf8.js]
[thewhisperer.io/_next/static/chunks/801-701a185ae5217979.js]
[thewhisperer.io/_next/static/chunks/main-app-5f694977282d4e0d.js]
[thewhisperer.io/_next/static/chunks/553-6e885c047c908e11.js]
[thewhisperer.io/_next/static/chunks/224-4b422ab1942def92.js]
[thewhisperer.io/_next/static/chunks/app/page-19aa4a11da0f7f68.js]
[thewhisperer.io/_next/static/chunks/113-b0f82a86792b9444.js]
[backblue.gif]
[fade.gif]
[index.html]
[thewhisperer.io/_next/static/chunks/app/layout-13371fd1795d067d.js]
[thewhisperer.io/favicon.ico]
[thewhisperer.io/_next/static/chunks/polyfills-78c92fac7aa8fdd8.js]
[thewhisperer.io/_next/column-left47ce.jpg]
[thewhisperer.io/_next/topf84f.webp]
[thewhisperer.io/_next/bottom34fd.webp]
[thewhisperer.io/_next/column-rightdb71.jpg]
[thewhisperer.io/index.html]
[thewhisperer.io/_next/static/media/55c55f0601d81cf3-s.woff2]
[thewhisperer.io/_next/static/media/26a46d62cd723877-s.woff2]
[thewhisperer.io/_next/static/media/97e0cb1ae144a2a9-s.woff2]
[thewhisperer.io/_next/static/media/581909926a08bbc8-s.woff2]
[thewhisperer.io/_next/static/media/df0a9ae256c0569c-s.woff2]
[thewhisperer.io/_next/static/media/6d93bde91c0c2823-s.woff2]
[thewhisperer.io/_next/static/css/25528bc0a25175a9.css]
[thewhisperer.io/fonts/instructions/Instructions.ttf]
